exports[`TodoStore Add to in a List 1`] = `3`;

exports[`TodoStore Remove to in a List 1`] = `"bar"`;
